******************************************************************************
             TMS320C2000 Linker Unix v15.12.3                  
******************************************************************************
>> Linked Sat Aug  5 16:03:38 2017

OUTPUT FILE NAME:   <Fisrt_PeripheralsTest.out>
ENTRY POINT SYMBOL: "_c_int00"  address: 0000b6be


MEMORY CONFIGURATION

         name            origin    length      used     unused   attr    fill
----------------------  --------  ---------  --------  --------  ----  --------
PAGE 0:
  BEGIN                 00000000   00000002  00000002  00000000  RWIX
  RAMM0                 00000122   000002de  000002da  00000004  RWIX
  RAMLS0                00008000   00000800  0000027c  00000584  RWIX
  RAMLS1                00008800   00000800  00000000  00000800  RWIX
  RAMLS2                00009000   00000800  00000000  00000800  RWIX
  RAMLS3                00009800   00000800  00000000  00000800  RWIX
  RAMLS4                0000a000   00000800  00000000  00000800  RWIX
  RAMD0                 0000b000   00000800  000007fd  00000003  RWIX
  RAMGS14               0001a000   00001000  00000000  00001000  RWIX
  RAMGS15               0001b000   00001000  00000000  00001000  RWIX
  RESET                 003fffc0   00000002  00000000  00000002  RWIX

PAGE 1:
  BOOT_RSVD             00000002   00000120  00000000  00000120  RWIX
  RAMM1                 00000400   00000400  00000000  00000400  RWIX
  ADCA_RESULT           00000b00   00000020  00000018  00000008  RWIX
  ADCB_RESULT           00000b20   00000020  00000018  00000008  RWIX
  ADCC_RESULT           00000b40   00000020  00000018  00000008  RWIX
  ADCD_RESULT           00000b60   00000020  00000018  00000008  RWIX
  CPU_TIMER0            00000c00   00000008  00000008  00000000  RWIX
  CPU_TIMER1            00000c08   00000008  00000008  00000000  RWIX
  CPU_TIMER2            00000c10   00000008  00000008  00000000  RWIX
  PIE_CTRL              00000ce0   00000020  0000001a  00000006  RWIX
  PIE_VECT              00000d00   00000200  000001c0  00000040  RWIX
  DMA                   00001000   00000200  000000e0  00000120  RWIX
  CLA1                  00001400   00000040  0000003c  00000004  RWIX
  EPWM1                 00004000   00000100  000000d6  0000002a  RWIX
  EPWM2                 00004100   00000100  000000d6  0000002a  RWIX
  EPWM3                 00004200   00000100  000000d6  0000002a  RWIX
  EPWM4                 00004300   00000100  000000d6  0000002a  RWIX
  EPWM5                 00004400   00000100  000000d6  0000002a  RWIX
  EPWM6                 00004500   00000100  000000d6  0000002a  RWIX
  EPWM7                 00004600   00000100  000000d6  0000002a  RWIX
  EPWM8                 00004700   00000100  000000d6  0000002a  RWIX
  EPWM9                 00004800   00000100  000000d6  0000002a  RWIX
  EPWM10                00004900   00000100  000000d6  0000002a  RWIX
  EPWM11                00004a00   00000100  000000d6  0000002a  RWIX
  EPWM12                00004b00   00000100  000000d6  0000002a  RWIX
  ECAP1                 00005000   00000020  0000001a  00000006  RWIX
  ECAP2                 00005020   00000020  0000001a  00000006  RWIX
  ECAP3                 00005040   00000020  0000001a  00000006  RWIX
  ECAP4                 00005060   00000020  0000001a  00000006  RWIX
  ECAP5                 00005080   00000020  0000001a  00000006  RWIX
  ECAP6                 000050a0   00000020  0000001a  00000006  RWIX
  EQEP1                 00005100   00000040  00000022  0000001e  RWIX
  EQEP2                 00005140   00000040  00000022  0000001e  RWIX
  EQEP3                 00005180   00000040  00000022  0000001e  RWIX
  DACA                  00005c00   00000010  00000006  0000000a  RWIX
  DACB                  00005c10   00000010  00000006  0000000a  RWIX
  DACC                  00005c20   00000010  00000006  0000000a  RWIX
  CMPSS1                00005c80   00000020  0000001b  00000005  RWIX
  CMPSS2                00005ca0   00000020  0000001b  00000005  RWIX
  CMPSS3                00005cc0   00000020  0000001b  00000005  RWIX
  CMPSS4                00005ce0   00000020  0000001b  00000005  RWIX
  CMPSS5                00005d00   00000020  0000001b  00000005  RWIX
  CMPSS6                00005d20   00000020  0000001b  00000005  RWIX
  CMPSS7                00005d40   00000020  0000001b  00000005  RWIX
  CMPSS8                00005d60   00000020  0000001b  00000005  RWIX
  SDFM1                 00005e00   00000080  00000048  00000038  RWIX
  SDFM2                 00005e80   00000080  00000048  00000038  RWIX
  MCBSPA                00006000   00000040  00000024  0000001c  RWIX
  MCBSPB                00006040   00000040  00000024  0000001c  RWIX
  SPIA                  00006100   00000010  00000010  00000000  RWIX
  SPIB                  00006110   00000010  00000010  00000000  RWIX
  SPIC                  00006120   00000010  00000010  00000000  RWIX
  SPID                  00006130   00000010  00000000  00000010  RWIX
  UPP                   00006200   00000100  00000048  000000b8  RWIX
  WD                    00007000   00000040  0000002b  00000015  RWIX
  NMIINTRUPT            00007060   00000010  00000007  00000009  RWIX
  XINT                  00007070   00000010  0000000b  00000005  RWIX
  SCIA                  00007200   00000010  00000010  00000000  RWIX
  SCIB                  00007210   00000010  00000010  00000000  RWIX
  SCIC                  00007220   00000010  00000010  00000000  RWIX
  SCID                  00007230   00000010  00000010  00000000  RWIX
  I2CA                  00007300   00000040  00000022  0000001e  RWIX
  I2CB                  00007340   00000040  00000022  0000001e  RWIX
  ADCA                  00007400   00000080  0000007c  00000004  RWIX
  ADCB                  00007480   00000080  0000007c  00000004  RWIX
  ADCC                  00007500   00000080  0000007c  00000004  RWIX
  ADCD                  00007580   00000080  0000007c  00000004  RWIX
  INPUT_XBAR            00007900   00000040  0000002e  00000012  RWIX
  TRIG                  00007940   00000010  00000006  0000000a  RWIX
  DMACLASRCSEL          00007980   00000040  0000001a  00000026  RWIX
  EPWM_XBAR             00007a00   00000040  00000040  00000000  RWIX
  CLB_XBAR              00007a40   00000040  00000000  00000040  RWIX
  OUTPUT_XBAR           00007a80   00000040  00000040  00000000  RWIX
  GPIOCTRL              00007c00   00000180  00000180  00000000  RWIX
  GPIODAT               00007f00   00000030  00000030  00000000  RWIX
  RAMLS5                0000a800   00000800  000001e4  0000061c  RWIX
  RAMD1                 0000b800   00000800  00000800  00000000  RWIX
  RAMGS0                0000c000   00001000  00000000  00001000  RWIX
  RAMGS1                0000d000   00001000  00000000  00001000  RWIX
  RAMGS2                0000e000   00001000  00000000  00001000  RWIX
  RAMGS3                0000f000   00001000  00000000  00001000  RWIX
  RAMGS4                00010000   00001000  00000000  00001000  RWIX
  RAMGS5                00011000   00001000  00000000  00001000  RWIX
  RAMGS6                00012000   00001000  00000000  00001000  RWIX
  RAMGS7                00013000   00001000  00000000  00001000  RWIX
  RAMGS8                00014000   00001000  00000000  00001000  RWIX
  RAMGS9                00015000   00001000  00000000  00001000  RWIX
  RAMGS10               00016000   00001000  00000000  00001000  RWIX
  RAMGS11               00017000   00001000  00000000  00001000  RWIX
  RAMGS12               00018000   00001000  00000000  00001000  RWIX
  RAMGS13               00019000   00001000  00000000  00001000  RWIX
  EMIF1                 00047000   00000800  00000058  000007a8  RWIX
  EMIF2                 00047800   00000800  00000058  000007a8  RWIX
  CANA                  00048000   00001000  00000162  00000e9e  RWIX
  CANB                  0004a000   00001000  00000162  00000e9e  RWIX
  IPC                   00050000   00001000  00000026  00000fda  RWIX
  DEV_CFG               0005d000   00000180  00000126  0000005a  RWIX
  ANALOG_SUBSYS         0005d180   00000080  0000003e  00000042  RWIX
  CLK_CFG               0005d200   00000100  00000032  000000ce  RWIX
  CPU_SYS               0005d300   00000100  00000082  0000007e  RWIX
  HWBIST                0005e000   00000100  000000a2  0000005e  RWIX
  PBIST                 0005e200   00000200  000001e6  0000001a  RWIX
  ROMPREFETCH           0005e608   00000002  00000002  00000000  RWIX
  DCSM_Z1               0005f000   00000030  00000022  0000000e  RWIX
  DCSM_Z2               0005f040   00000030  00000022  0000000e  RWIX
  DCSM_COMMON           0005f070   00000010  00000006  0000000a  RWIX
  MEMCFG                0005f400   00000080  00000076  0000000a  RWIX
  EMIF1CONFIG           0005f480   00000020  0000000a  00000016  RWIX
  EMIF2CONFIG           0005f4a0   00000020  0000000a  00000016  RWIX
  ACCESSPROTECTION      0005f4c0   00000040  0000002e  00000012  RWIX
  MEMORYERROR           0005f500   00000040  0000003a  00000006  RWIX
  ROMWAITSTATE          0005f540   00000002  00000002  00000000  RWIX
  FLASH0_CTRL           0005f800   00000300  00000182  0000017e  RWIX
  FLASH0_ECC            0005fb00   00000040  00000028  00000018  RWIX
  DCSM_Z1_OTP           00078000   00000020  0000001a  00000006  RWIX
  DCSM_Z2_OTP           00078200   00000020  0000001a  00000006  RWIX


SECTION ALLOCATION MAP

 output                                  attributes/
section   page    origin      length       input sections
--------  ----  ----------  ----------   ----------------
codestart 
*          0    00000000    00000002     
                  00000000    00000002     F2837xD_CodeStartBranch.obj (codestart)

ramfuncs   0    0000013c    00000004     
                  0000013c    00000004     F2837xD_usDelay.obj (ramfuncs)

.cinit     0    00000122    0000001a     
                  00000122    0000000e     rts2800_fpu32.lib : exit.obj (.cinit)
                  00000130    00000005                       : _lock.obj (.cinit:__lock)
                  00000135    00000005                       : _lock.obj (.cinit:__unlock)
                  0000013a    00000002     --HOLE-- [fill = 0]

.pinit     0    00000122    00000000     UNINITIALIZED

.reset     0    003fffc0    00000002     DSECT
                  003fffc0    00000002     rts2800_fpu32.lib : boot.obj (.reset)

AdcaResultFile 
*          1    00000b00    00000018     UNINITIALIZED
                  00000b00    00000018     F2837xD_GlobalVariableDefs.obj (AdcaResultFile)

AdcbResultFile 
*          1    00000b20    00000018     UNINITIALIZED
                  00000b20    00000018     F2837xD_GlobalVariableDefs.obj (AdcbResultFile)

AdccResultFile 
*          1    00000b40    00000018     UNINITIALIZED
                  00000b40    00000018     F2837xD_GlobalVariableDefs.obj (AdccResultFile)

AdcdResultFile 
*          1    00000b60    00000018     UNINITIALIZED
                  00000b60    00000018     F2837xD_GlobalVariableDefs.obj (AdcdResultFile)

CpuTimer0RegsFile 
*          1    00000c00    00000008     UNINITIALIZED
                  00000c00    00000008     F2837xD_GlobalVariableDefs.obj (CpuTimer0RegsFile)

CpuTimer1RegsFile 
*          1    00000c08    00000008     UNINITIALIZED
                  00000c08    00000008     F2837xD_GlobalVariableDefs.obj (CpuTimer1RegsFile)

CpuTimer2RegsFile 
*          1    00000c10    00000008     UNINITIALIZED
                  00000c10    00000008     F2837xD_GlobalVariableDefs.obj (CpuTimer2RegsFile)

PieCtrlRegsFile 
*          1    00000ce0    0000001a     UNINITIALIZED
                  00000ce0    0000001a     F2837xD_GlobalVariableDefs.obj (PieCtrlRegsFile)

Cla1RegsFile 
*          1    00001400    0000003c     UNINITIALIZED
                  00001400    0000003c     F2837xD_GlobalVariableDefs.obj (Cla1RegsFile)

DacaRegsFile 
*          1    00005c00    00000006     UNINITIALIZED
                  00005c00    00000006     F2837xD_GlobalVariableDefs.obj (DacaRegsFile)

DacbRegsFile 
*          1    00005c10    00000006     UNINITIALIZED
                  00005c10    00000006     F2837xD_GlobalVariableDefs.obj (DacbRegsFile)

DaccRegsFile 
*          1    00005c20    00000006     UNINITIALIZED
                  00005c20    00000006     F2837xD_GlobalVariableDefs.obj (DaccRegsFile)

.econst    1    0000a800    000001c0     
                  0000a800    000001c0     F2837xD_PieVect.obj (.econst:_PieVectTableInit)

.ebss      1    0000a9c0    00000024     UNINITIALIZED
                  0000a9c0    00000018     F2837xD_CpuTimers.obj (.ebss)
                  0000a9d8    00000006     rts2800_fpu32.lib : exit.obj (.ebss)
                  0000a9de    00000002                       : _lock.obj (.ebss:__lock)
                  0000a9e0    00000002                       : _lock.obj (.ebss:__unlock)
                  0000a9e2    00000002     main.obj (.ebss)

.stack     1    0000b800    00000800     UNINITIALIZED
                  0000b800    00000800     --HOLE--

PieVectTableFile 
*          1    00000d00    000001c0     UNINITIALIZED
                  00000d00    000001c0     F2837xD_GlobalVariableDefs.obj (PieVectTableFile)

EmuKeyVar 
*          1    00000d00    00000001     UNINITIALIZED
                  00000d00    00000001     F2837xD_GlobalVariableDefs.obj (EmuKeyVar)

EmuBModeVar 
*          1    00000d01    00000001     UNINITIALIZED
                  00000d01    00000001     F2837xD_GlobalVariableDefs.obj (EmuBModeVar)

FlashCallbackVar 
*          1    00000d02    00000000     UNINITIALIZED

FlashScalingVar 
*          1    00000d02    00000000     UNINITIALIZED

AdcaRegsFile 
*          1    00007400    0000007c     UNINITIALIZED
                  00007400    0000007c     F2837xD_GlobalVariableDefs.obj (AdcaRegsFile)

AdcbRegsFile 
*          1    00007480    0000007c     UNINITIALIZED
                  00007480    0000007c     F2837xD_GlobalVariableDefs.obj (AdcbRegsFile)

AdccRegsFile 
*          1    00007500    0000007c     UNINITIALIZED
                  00007500    0000007c     F2837xD_GlobalVariableDefs.obj (AdccRegsFile)

AdcdRegsFile 
*          1    00007580    0000007c     UNINITIALIZED
                  00007580    0000007c     F2837xD_GlobalVariableDefs.obj (AdcdRegsFile)

AnalogSubsysRegsFile 
*          1    0005d180    0000003e     UNINITIALIZED
                  0005d180    0000003e     F2837xD_GlobalVariableDefs.obj (AnalogSubsysRegsFile)

Cla1SoftIntRegsFile 
*          1    00000ce0    00000004     DSECT
                  00000ce0    00000004     F2837xD_GlobalVariableDefs.obj (Cla1SoftIntRegsFile)

DmaRegsFile 
*          1    00001000    000000e0     UNINITIALIZED
                  00001000    000000e0     F2837xD_GlobalVariableDefs.obj (DmaRegsFile)

EPwm1RegsFile 
*          1    00004000    000000d6     UNINITIALIZED
                  00004000    000000d6     F2837xD_GlobalVariableDefs.obj (EPwm1RegsFile)

EPwm2RegsFile 
*          1    00004100    000000d6     UNINITIALIZED
                  00004100    000000d6     F2837xD_GlobalVariableDefs.obj (EPwm2RegsFile)

EPwm3RegsFile 
*          1    00004200    000000d6     UNINITIALIZED
                  00004200    000000d6     F2837xD_GlobalVariableDefs.obj (EPwm3RegsFile)

EPwm4RegsFile 
*          1    00004300    000000d6     UNINITIALIZED
                  00004300    000000d6     F2837xD_GlobalVariableDefs.obj (EPwm4RegsFile)

EPwm5RegsFile 
*          1    00004400    000000d6     UNINITIALIZED
                  00004400    000000d6     F2837xD_GlobalVariableDefs.obj (EPwm5RegsFile)

EPwm6RegsFile 
*          1    00004500    000000d6     UNINITIALIZED
                  00004500    000000d6     F2837xD_GlobalVariableDefs.obj (EPwm6RegsFile)

EPwm7RegsFile 
*          1    00004600    000000d6     UNINITIALIZED
                  00004600    000000d6     F2837xD_GlobalVariableDefs.obj (EPwm7RegsFile)

EPwm8RegsFile 
*          1    00004700    000000d6     UNINITIALIZED
                  00004700    000000d6     F2837xD_GlobalVariableDefs.obj (EPwm8RegsFile)

EPwm9RegsFile 
*          1    00004800    000000d6     UNINITIALIZED
                  00004800    000000d6     F2837xD_GlobalVariableDefs.obj (EPwm9RegsFile)

EPwm10RegsFile 
*          1    00004900    000000d6     UNINITIALIZED
                  00004900    000000d6     F2837xD_GlobalVariableDefs.obj (EPwm10RegsFile)

EPwm11RegsFile 
*          1    00004a00    000000d6     UNINITIALIZED
                  00004a00    000000d6     F2837xD_GlobalVariableDefs.obj (EPwm11RegsFile)

EPwm12RegsFile 
*          1    00004b00    000000d6     UNINITIALIZED
                  00004b00    000000d6     F2837xD_GlobalVariableDefs.obj (EPwm12RegsFile)

ECap1RegsFile 
*          1    00005000    0000001a     UNINITIALIZED
                  00005000    0000001a     F2837xD_GlobalVariableDefs.obj (ECap1RegsFile)

ECap2RegsFile 
*          1    00005020    0000001a     UNINITIALIZED
                  00005020    0000001a     F2837xD_GlobalVariableDefs.obj (ECap2RegsFile)

ECap3RegsFile 
*          1    00005040    0000001a     UNINITIALIZED
                  00005040    0000001a     F2837xD_GlobalVariableDefs.obj (ECap3RegsFile)

ECap4RegsFile 
*          1    00005060    0000001a     UNINITIALIZED
                  00005060    0000001a     F2837xD_GlobalVariableDefs.obj (ECap4RegsFile)

ECap5RegsFile 
*          1    00005080    0000001a     UNINITIALIZED
                  00005080    0000001a     F2837xD_GlobalVariableDefs.obj (ECap5RegsFile)

ECap6RegsFile 
*          1    000050a0    0000001a     UNINITIALIZED
                  000050a0    0000001a     F2837xD_GlobalVariableDefs.obj (ECap6RegsFile)

EQep1RegsFile 
*          1    00005100    00000022     UNINITIALIZED
                  00005100    00000022     F2837xD_GlobalVariableDefs.obj (EQep1RegsFile)

EQep2RegsFile 
*          1    00005140    00000022     UNINITIALIZED
                  00005140    00000022     F2837xD_GlobalVariableDefs.obj (EQep2RegsFile)

EQep3RegsFile 
*          1    00005180    00000022     UNINITIALIZED
                  00005180    00000022     F2837xD_GlobalVariableDefs.obj (EQep3RegsFile)

Cmpss1RegsFile 
*          1    00005c80    0000001b     UNINITIALIZED
                  00005c80    0000001b     F2837xD_GlobalVariableDefs.obj (Cmpss1RegsFile)

Cmpss2RegsFile 
*          1    00005ca0    0000001b     UNINITIALIZED
                  00005ca0    0000001b     F2837xD_GlobalVariableDefs.obj (Cmpss2RegsFile)

Cmpss3RegsFile 
*          1    00005cc0    0000001b     UNINITIALIZED
                  00005cc0    0000001b     F2837xD_GlobalVariableDefs.obj (Cmpss3RegsFile)

Cmpss4RegsFile 
*          1    00005ce0    0000001b     UNINITIALIZED
                  00005ce0    0000001b     F2837xD_GlobalVariableDefs.obj (Cmpss4RegsFile)

Cmpss5RegsFile 
*          1    00005d00    0000001b     UNINITIALIZED
                  00005d00    0000001b     F2837xD_GlobalVariableDefs.obj (Cmpss5RegsFile)

Cmpss6RegsFile 
*          1    00005d20    0000001b     UNINITIALIZED
                  00005d20    0000001b     F2837xD_GlobalVariableDefs.obj (Cmpss6RegsFile)

Cmpss7RegsFile 
*          1    00005d40    0000001b     UNINITIALIZED
                  00005d40    0000001b     F2837xD_GlobalVariableDefs.obj (Cmpss7RegsFile)

Cmpss8RegsFile 
*          1    00005d60    0000001b     UNINITIALIZED
                  00005d60    0000001b     F2837xD_GlobalVariableDefs.obj (Cmpss8RegsFile)

Sdfm1RegsFile 
*          1    00005e00    00000048     UNINITIALIZED
                  00005e00    00000048     F2837xD_GlobalVariableDefs.obj (Sdfm1RegsFile)

Sdfm2RegsFile 
*          1    00005e80    00000048     UNINITIALIZED
                  00005e80    00000048     F2837xD_GlobalVariableDefs.obj (Sdfm2RegsFile)

McbspaRegsFile 
*          1    00006000    00000024     UNINITIALIZED
                  00006000    00000024     F2837xD_GlobalVariableDefs.obj (McbspaRegsFile)

McbspbRegsFile 
*          1    00006040    00000024     UNINITIALIZED
                  00006040    00000024     F2837xD_GlobalVariableDefs.obj (McbspbRegsFile)

SpiaRegsFile 
*          1    00006100    00000010     UNINITIALIZED
                  00006100    00000010     F2837xD_GlobalVariableDefs.obj (SpiaRegsFile)

SpibRegsFile 
*          1    00006110    00000010     UNINITIALIZED
                  00006110    00000010     F2837xD_GlobalVariableDefs.obj (SpibRegsFile)

SpicRegsFile 
*          1    00006120    00000010     UNINITIALIZED
                  00006120    00000010     F2837xD_GlobalVariableDefs.obj (SpicRegsFile)

UppRegsFile 
*          1    00006200    00000048     UNINITIALIZED
                  00006200    00000048     F2837xD_GlobalVariableDefs.obj (UppRegsFile)

WdRegsFile 
*          1    00007000    0000002b     UNINITIALIZED
                  00007000    0000002b     F2837xD_GlobalVariableDefs.obj (WdRegsFile)

NmiIntruptRegsFile 
*          1    00007060    00000007     UNINITIALIZED
                  00007060    00000007     F2837xD_GlobalVariableDefs.obj (NmiIntruptRegsFile)

XintRegsFile 
*          1    00007070    0000000b     UNINITIALIZED
                  00007070    0000000b     F2837xD_GlobalVariableDefs.obj (XintRegsFile)

SciaRegsFile 
*          1    00007200    00000010     UNINITIALIZED
                  00007200    00000010     F2837xD_GlobalVariableDefs.obj (SciaRegsFile)

ScibRegsFile 
*          1    00007210    00000010     UNINITIALIZED
                  00007210    00000010     F2837xD_GlobalVariableDefs.obj (ScibRegsFile)

ScicRegsFile 
*          1    00007220    00000010     UNINITIALIZED
                  00007220    00000010     F2837xD_GlobalVariableDefs.obj (ScicRegsFile)

ScidRegsFile 
*          1    00007230    00000010     UNINITIALIZED
                  00007230    00000010     F2837xD_GlobalVariableDefs.obj (ScidRegsFile)

I2caRegsFile 
*          1    00007300    00000022     UNINITIALIZED
                  00007300    00000022     F2837xD_GlobalVariableDefs.obj (I2caRegsFile)

I2cbRegsFile 
*          1    00007340    00000022     UNINITIALIZED
                  00007340    00000022     F2837xD_GlobalVariableDefs.obj (I2cbRegsFile)

InputXbarRegsFile 
*          1    00007900    0000002e     UNINITIALIZED
                  00007900    0000002e     F2837xD_GlobalVariableDefs.obj (InputXbarRegsFile)

TrigRegsFile 
*          1    00007940    00000006     UNINITIALIZED
                  00007940    00000006     F2837xD_GlobalVariableDefs.obj (TrigRegsFile)

DmaClaSrcSelRegsFile 
*          1    00007980    0000001a     UNINITIALIZED
                  00007980    0000001a     F2837xD_GlobalVariableDefs.obj (DmaClaSrcSelRegsFile)

EPwmXbarRegsFile 
*          1    00007a00    00000040     UNINITIALIZED
                  00007a00    00000040     F2837xD_GlobalVariableDefs.obj (EPwmXbarRegsFile)

OutputXbarRegsFile 
*          1    00007a80    00000040     UNINITIALIZED
                  00007a80    00000040     F2837xD_GlobalVariableDefs.obj (OutputXbarRegsFile)

GpioCtrlRegsFile 
*          1    00007c00    00000180     UNINITIALIZED
                  00007c00    00000180     F2837xD_GlobalVariableDefs.obj (GpioCtrlRegsFile)

GpioDataRegsFile 
*          1    00007f00    00000030     UNINITIALIZED
                  00007f00    00000030     F2837xD_GlobalVariableDefs.obj (GpioDataRegsFile)

Emif1RegsFile 
*          1    00047000    00000058     UNINITIALIZED
                  00047000    00000058     F2837xD_GlobalVariableDefs.obj (Emif1RegsFile)

Emif2RegsFile 
*          1    00047800    00000058     UNINITIALIZED
                  00047800    00000058     F2837xD_GlobalVariableDefs.obj (Emif2RegsFile)

CanaRegsFile 
*          1    00048000    00000162     UNINITIALIZED
                  00048000    00000162     F2837xD_GlobalVariableDefs.obj (CanaRegsFile)

CanbRegsFile 
*          1    0004a000    00000162     UNINITIALIZED
                  0004a000    00000162     F2837xD_GlobalVariableDefs.obj (CanbRegsFile)

IpcRegsFile 
*          1    00050000    00000026     UNINITIALIZED
                  00050000    00000026     F2837xD_GlobalVariableDefs.obj (IpcRegsFile)

HwbistRegsFile 
*          1    0005e000    000000a2     UNINITIALIZED
                  0005e000    000000a2     F2837xD_GlobalVariableDefs.obj (HwbistRegsFile)

PbistRegsFile 
*          1    0005e200    000001e6     UNINITIALIZED
                  0005e200    000001e6     F2837xD_GlobalVariableDefs.obj (PbistRegsFile)

RomPrefetchRegsFile 
*          1    0005e608    00000002     UNINITIALIZED
                  0005e608    00000002     F2837xD_GlobalVariableDefs.obj (RomPrefetchRegsFile)

DcsmZ1RegsFile 
*          1    0005f000    00000022     UNINITIALIZED
                  0005f000    00000022     F2837xD_GlobalVariableDefs.obj (DcsmZ1RegsFile)

DcsmZ2RegsFile 
*          1    0005f040    00000022     UNINITIALIZED
                  0005f040    00000022     F2837xD_GlobalVariableDefs.obj (DcsmZ2RegsFile)

DcsmCommonRegsFile 
*          1    0005f070    00000006     UNINITIALIZED
                  0005f070    00000006     F2837xD_GlobalVariableDefs.obj (DcsmCommonRegsFile)

MemCfgRegsFile 
*          1    0005f400    00000076     UNINITIALIZED
                  0005f400    00000076     F2837xD_GlobalVariableDefs.obj (MemCfgRegsFile)

Emif1ConfigRegsFile 
*          1    0005f480    0000000a     UNINITIALIZED
                  0005f480    0000000a     F2837xD_GlobalVariableDefs.obj (Emif1ConfigRegsFile)

Emif2ConfigRegsFile 
*          1    0005f4a0    0000000a     UNINITIALIZED
                  0005f4a0    0000000a     F2837xD_GlobalVariableDefs.obj (Emif2ConfigRegsFile)

AccessProtectionRegsFile 
*          1    0005f4c0    0000002e     UNINITIALIZED
                  0005f4c0    0000002e     F2837xD_GlobalVariableDefs.obj (AccessProtectionRegsFile)

MemoryErrorRegsFile 
*          1    0005f500    0000003a     UNINITIALIZED
                  0005f500    0000003a     F2837xD_GlobalVariableDefs.obj (MemoryErrorRegsFile)

RomWaitStateRegsFile 
*          1    0005f540    00000002     UNINITIALIZED
                  0005f540    00000002     F2837xD_GlobalVariableDefs.obj (RomWaitStateRegsFile)

Flash0CtrlRegsFile 
*          1    0005f800    00000182     UNINITIALIZED
                  0005f800    00000182     F2837xD_GlobalVariableDefs.obj (Flash0CtrlRegsFile)

Flash0EccRegsFile 
*          1    0005fb00    00000028     UNINITIALIZED
                  0005fb00    00000028     F2837xD_GlobalVariableDefs.obj (Flash0EccRegsFile)

DcsmZ1OtpFile 
*          1    00078000    0000001a     UNINITIALIZED
                  00078000    0000001a     F2837xD_GlobalVariableDefs.obj (DcsmZ1OtpFile)

DcsmZ2OtpFile 
*          1    00078200    0000001a     UNINITIALIZED
                  00078200    0000001a     F2837xD_GlobalVariableDefs.obj (DcsmZ2OtpFile)

DevCfgRegsFile 
*          1    0005d000    00000126     UNINITIALIZED
                  0005d000    00000126     F2837xD_GlobalVariableDefs.obj (DevCfgRegsFile)

ClkCfgRegsFile 
*          1    0005d200    00000032     UNINITIALIZED
                  0005d200    00000032     F2837xD_GlobalVariableDefs.obj (ClkCfgRegsFile)

CpuSysRegsFile 
*          1    0005d300    00000082     UNINITIALIZED
                  0005d300    00000082     F2837xD_GlobalVariableDefs.obj (CpuSysRegsFile)

.text.1    0    00000140    000002bc     
                  00000140    00000282     F2837xD_SysCtrl.obj (.text)
                  000003c2    00000037     main.obj (.text)
                  000003f9    00000002     rts2800_fpu32.lib : pre_init.obj (.text)
                  000003fb    00000001                       : startup.obj (.text)

.text.2    0    00008000    0000027c     
                  00008000    0000025b     F2837xD_Gpio.obj (.text)
                  0000825b    00000019     rts2800_fpu32.lib : args_main.obj (.text)
                  00008274    00000008     F2837xD_CodeStartBranch.obj (.text)

.text.3    0    0000b000    000007fd     
                  0000b000    00000614     F2837xD_DefaultISR.obj (.text:retain)
                  0000b614    000000aa     F2837xD_CpuTimers.obj (.text)
                  0000b6be    00000056     rts2800_fpu32.lib : boot.obj (.text)
                  0000b714    00000046                       : cpy_tbl.obj (.text)
                  0000b75a    00000031     F2837xD_PieCtrl.obj (.text)
                  0000b78b    00000029     rts2800_fpu32.lib : exit.obj (.text)
                  0000b7b4    00000026     F2837xD_PieVect.obj (.text)
                  0000b7da    0000001a     rts2800_fpu32.lib : cpy_utils.obj (.text)
                  0000b7f4    00000009                       : _lock.obj (.text)

MODULE SUMMARY

       Module                           code   ro data   rw data
       ------                           ----   -------   -------
    ./
       F2837xD_GlobalVariableDefs.obj   0      0         8507   
       F2837xD_DefaultISR.obj           1556   0         0      
       F2837xD_SysCtrl.obj              642    0         0      
       F2837xD_Gpio.obj                 603    0         0      
       F2837xD_PieVect.obj              38     0         448    
       F2837xD_CpuTimers.obj            170    0         24     
       main.obj                         55     0         2      
       F2837xD_PieCtrl.obj              49     0         0      
       F2837xD_CodeStartBranch.obj      10     0         0      
       F2837xD_usDelay.obj              4      0         0      
    +--+--------------------------------+------+---------+---------+
       Total:                           3127   0         8981   
                                                                
    /opt/ti/ccsv6/tools/compiler/c2000_15.12.3.LTS/lib/rts2800_fpu32.lib
       boot.obj                         86     0         0      
       cpy_tbl.obj                      70     0         0      
       exit.obj                         41     0         20     
       cpy_utils.obj                    26     0         0      
       args_main.obj                    25     0         0      
       _lock.obj                        9      0         14     
       pre_init.obj                     2      0         0      
       startup.obj                      1      0         0      
    +--+--------------------------------+------+---------+---------+
       Total:                           260    0         34     
                                                                
       Stack:                           0      0         2048   
    +--+--------------------------------+------+---------+---------+
       Grand Total:                     3387   0         11063  


GLOBAL DATA SYMBOLS: SORTED BY DATA PAGE

address     data page           name
--------    ----------------    ----
00000b00      2c (00000b00)     _AdcaResultRegs
00000b20      2c (00000b00)     _AdcbResultRegs

00000b40      2d (00000b40)     _AdccResultRegs
00000b60      2d (00000b40)     _AdcdResultRegs

00000c00      30 (00000c00)     _CpuTimer0Regs
00000c08      30 (00000c00)     _CpuTimer1Regs
00000c10      30 (00000c00)     _CpuTimer2Regs

00000ce0      33 (00000cc0)     _Cla1SoftIntRegs
00000ce0      33 (00000cc0)     _PieCtrlRegs

00000d00      34 (00000d00)     _EmuKey
00000d00      34 (00000d00)     _PieVectTable
00000d01      34 (00000d00)     _EmuBMode

00001000      40 (00001000)     _DmaRegs

00001400      50 (00001400)     _Cla1Regs

00004000     100 (00004000)     _EPwm1Regs

00004100     104 (00004100)     _EPwm2Regs

00004200     108 (00004200)     _EPwm3Regs

00004300     10c (00004300)     _EPwm4Regs

00004400     110 (00004400)     _EPwm5Regs

00004500     114 (00004500)     _EPwm6Regs

00004600     118 (00004600)     _EPwm7Regs

00004700     11c (00004700)     _EPwm8Regs

00004800     120 (00004800)     _EPwm9Regs

00004900     124 (00004900)     _EPwm10Regs

00004a00     128 (00004a00)     _EPwm11Regs

00004b00     12c (00004b00)     _EPwm12Regs

00005000     140 (00005000)     _ECap1Regs
00005020     140 (00005000)     _ECap2Regs

00005040     141 (00005040)     _ECap3Regs
00005060     141 (00005040)     _ECap4Regs

00005080     142 (00005080)     _ECap5Regs
000050a0     142 (00005080)     _ECap6Regs

00005100     144 (00005100)     _EQep1Regs

00005140     145 (00005140)     _EQep2Regs

00005180     146 (00005180)     _EQep3Regs

00005c00     170 (00005c00)     _DacaRegs
00005c10     170 (00005c00)     _DacbRegs
00005c20     170 (00005c00)     _DaccRegs

00005c80     172 (00005c80)     _Cmpss1Regs
00005ca0     172 (00005c80)     _Cmpss2Regs

00005cc0     173 (00005cc0)     _Cmpss3Regs
00005ce0     173 (00005cc0)     _Cmpss4Regs

00005d00     174 (00005d00)     _Cmpss5Regs
00005d20     174 (00005d00)     _Cmpss6Regs

00005d40     175 (00005d40)     _Cmpss7Regs
00005d60     175 (00005d40)     _Cmpss8Regs

00005e00     178 (00005e00)     _Sdfm1Regs

00005e80     17a (00005e80)     _Sdfm2Regs

00006000     180 (00006000)     _McbspaRegs

00006040     181 (00006040)     _McbspbRegs

00006100     184 (00006100)     _SpiaRegs
00006110     184 (00006100)     _SpibRegs
00006120     184 (00006100)     _SpicRegs

00006200     188 (00006200)     _UppRegs

00007000     1c0 (00007000)     _WdRegs

00007060     1c1 (00007040)     _NmiIntruptRegs
00007070     1c1 (00007040)     _XintRegs

00007200     1c8 (00007200)     _SciaRegs
00007210     1c8 (00007200)     _ScibRegs
00007220     1c8 (00007200)     _ScicRegs
00007230     1c8 (00007200)     _ScidRegs

00007300     1cc (00007300)     _I2caRegs

00007340     1cd (00007340)     _I2cbRegs

00007400     1d0 (00007400)     _AdcaRegs

00007480     1d2 (00007480)     _AdcbRegs

00007500     1d4 (00007500)     _AdccRegs

00007580     1d6 (00007580)     _AdcdRegs

00007900     1e4 (00007900)     _InputXbarRegs

00007940     1e5 (00007940)     _TrigRegs

00007980     1e6 (00007980)     _DmaClaSrcSelRegs

00007a00     1e8 (00007a00)     _EPwmXbarRegs

00007a80     1ea (00007a80)     _OutputXbarRegs

00007c00     1f0 (00007c00)     _GpioCtrlRegs

00007f00     1fc (00007f00)     _GpioDataRegs

0000a800     2a0 (0000a800)     _PieVectTableInit

0000a9c0     2a7 (0000a9c0)     _CpuTimer1
0000a9c8     2a7 (0000a9c0)     _CpuTimer2
0000a9d0     2a7 (0000a9c0)     _CpuTimer0
0000a9d8     2a7 (0000a9c0)     ___TI_enable_exit_profile_output
0000a9da     2a7 (0000a9c0)     ___TI_cleanup_ptr
0000a9dc     2a7 (0000a9c0)     ___TI_dtors_ptr
0000a9de     2a7 (0000a9c0)     __lock
0000a9e0     2a7 (0000a9c0)     __unlock
0000a9e2     2a7 (0000a9c0)     _y
0000a9e3     2a7 (0000a9c0)     _x

0000b800     2e0 (0000b800)     __stack

00047000    11c0 (00047000)     _Emif1Regs

00047800    11e0 (00047800)     _Emif2Regs

00048000    1200 (00048000)     _CanaRegs

0004a000    1280 (0004a000)     _CanbRegs

00050000    1400 (00050000)     _IpcRegs

0005d000    1740 (0005d000)     _DevCfgRegs

0005d180    1746 (0005d180)     _AnalogSubsysRegs

0005d200    1748 (0005d200)     _ClkCfgRegs

0005d300    174c (0005d300)     _CpuSysRegs

0005e000    1780 (0005e000)     _HwbistRegs

0005e200    1788 (0005e200)     _PbistRegs

0005e608    1798 (0005e600)     _RomPrefetchRegs

0005f000    17c0 (0005f000)     _DcsmZ1Regs

0005f040    17c1 (0005f040)     _DcsmZ2Regs
0005f070    17c1 (0005f040)     _DcsmCommonRegs

0005f400    17d0 (0005f400)     _MemCfgRegs

0005f480    17d2 (0005f480)     _Emif1ConfigRegs
0005f4a0    17d2 (0005f480)     _Emif2ConfigRegs

0005f4c0    17d3 (0005f4c0)     _AccessProtectionRegs

0005f500    17d4 (0005f500)     _MemoryErrorRegs

0005f540    17d5 (0005f540)     _RomWaitStateRegs

0005f800    17e0 (0005f800)     _Flash0CtrlRegs

0005fb00    17ec (0005fb00)     _Flash0EccRegs

00078000    1e00 (00078000)     _DcsmZ1Otp

00078200    1e08 (00078200)     _DcsmZ2Otp


GLOBAL SYMBOLS: SORTED ALPHABETICALLY BY Name 

page  address   name                                  
----  -------   ----                                  
abs   ffffffff  .text                                 
0     0000b78b  C$$EXIT                               
0     0000b114  _ADCA1_ISR                            
0     0000b3c3  _ADCA2_ISR                            
0     0000b3cd  _ADCA3_ISR                            
0     0000b3d7  _ADCA4_ISR                            
0     0000b3b9  _ADCA_EVT_ISR                         
0     0000b11e  _ADCB1_ISR                            
0     0000b3eb  _ADCB2_ISR                            
0     0000b3f5  _ADCB3_ISR                            
0     0000b3ff  _ADCB4_ISR                            
0     0000b3e1  _ADCB_EVT_ISR                         
0     0000b128  _ADCC1_ISR                            
0     0000b55d  _ADCC2_ISR                            
0     0000b567  _ADCC3_ISR                            
0     0000b571  _ADCC4_ISR                            
0     0000b553  _ADCC_EVT_ISR                         
0     0000b146  _ADCD1_ISR                            
0     0000b585  _ADCD2_ISR                            
0     0000b58f  _ADCD3_ISR                            
0     0000b599  _ADCD4_ISR                            
0     0000b57b  _ADCD_EVT_ISR                         
0     0000b5d5  _AUX_PLL_SLIP_ISR                     
1     0005f4c0  _AccessProtectionRegs                 
1     00007400  _AdcaRegs                             
1     00000b00  _AdcaResultRegs                       
1     00007480  _AdcbRegs                             
1     00000b20  _AdcbResultRegs                       
1     00007500  _AdccRegs                             
1     00000b40  _AdccResultRegs                       
1     00007580  _AdcdRegs                             
1     00000b60  _AdcdResultRegs                       
1     0005d180  _AnalogSubsysRegs                     
0     00000382  _AuxAuxClkSel                         
0     0000036c  _AuxIntOsc2Sel                        
0     00000376  _AuxXtalOscSel                        
0     0000b409  _CLA1_1_ISR                           
0     0000b413  _CLA1_2_ISR                           
0     0000b41d  _CLA1_3_ISR                           
0     0000b427  _CLA1_4_ISR                           
0     0000b431  _CLA1_5_ISR                           
0     0000b43b  _CLA1_6_ISR                           
0     0000b445  _CLA1_7_ISR                           
0     0000b44f  _CLA1_8_ISR                           
0     0000b5df  _CLA_OVERFLOW_ISR                     
0     0000b5e9  _CLA_UNDERFLOW_ISR                    
1     00048000  _CanaRegs                             
1     0004a000  _CanbRegs                             
1     00001400  _Cla1Regs                             
0     00000ce0  _Cla1SoftIntRegs                      
1     0005d200  _ClkCfgRegs                           
1     00005c80  _Cmpss1Regs                           
1     00005ca0  _Cmpss2Regs                           
1     00005cc0  _Cmpss3Regs                           
1     00005ce0  _Cmpss4Regs                           
1     00005d00  _Cmpss5Regs                           
1     00005d20  _Cmpss6Regs                           
1     00005d40  _Cmpss7Regs                           
1     00005d60  _Cmpss8Regs                           
0     0000b65b  _ConfigCpuTimer                       
0     0000b676  _ConfigCpuTimer0                      
0     0000b68e  _ConfigCpuTimer1                      
0     0000b6a6  _ConfigCpuTimer2                      
1     0005d300  _CpuSysRegs                           
1     0000a9d0  _CpuTimer0                            
1     00000c00  _CpuTimer0Regs                        
1     0000a9c0  _CpuTimer1                            
1     00000c08  _CpuTimer1Regs                        
1     0000a9c8  _CpuTimer2                            
1     00000c10  _CpuTimer2Regs                        
0     0000032b  _CsmUnlock                            
0     0000b06a  _DATALOG_ISR                          
0     0000b391  _DCANA_1_ISR                          
0     0000b39b  _DCANA_2_ISR                          
0     0000b3a5  _DCANB_1_ISR                          
0     0000b3af  _DCANB_2_ISR                          
0     0000b2dd  _DMA_CH1_ISR                          
0     0000b2e7  _DMA_CH2_ISR                          
0     0000b2f1  _DMA_CH3_ISR                          
0     0000b2fb  _DMA_CH4_ISR                          
0     0000b305  _DMA_CH5_ISR                          
0     0000b30f  _DMA_CH6_ISR                          
1     00005c00  _DacaRegs                             
1     00005c10  _DacbRegs                             
1     00005c20  _DaccRegs                             
1     0005f070  _DcsmCommonRegs                       
1     00078000  _DcsmZ1Otp                            
1     0005f000  _DcsmZ1Regs                           
1     00078200  _DcsmZ2Otp                            
1     0005f040  _DcsmZ2Regs                           
1     0005d000  _DevCfgRegs                           
0     00000203  _DisableDog                           
1     00007980  _DmaClaSrcSelRegs                     
1     00001000  _DmaRegs                              
0     0000b233  _ECAP1_ISR                            
0     0000b23d  _ECAP2_ISR                            
0     0000b247  _ECAP3_ISR                            
0     0000b251  _ECAP4_ISR                            
0     0000b25b  _ECAP5_ISR                            
0     0000b265  _ECAP6_ISR                            
1     00005000  _ECap1Regs                            
1     00005020  _ECap2Regs                            
1     00005040  _ECap3Regs                            
1     00005060  _ECap4Regs                            
1     00005080  _ECap5Regs                            
1     000050a0  _ECap6Regs                            
0     0000b5a3  _EMIF_ERROR_ISR                       
0     0000b5fd  _EMPTY_ISR                            
0     0000b07e  _EMU_ISR                              
0     0000b4f9  _EPWM10_ISR                           
0     0000b4d1  _EPWM10_TZ_ISR                        
0     0000b503  _EPWM11_ISR                           
0     0000b4db  _EPWM11_TZ_ISR                        
0     0000b50d  _EPWM12_ISR                           
0     0000b4e5  _EPWM12_TZ_ISR                        
0     0000b1e3  _EPWM1_ISR                            
0     0000b193  _EPWM1_TZ_ISR                         
0     0000b1ed  _EPWM2_ISR                            
0     0000b19d  _EPWM2_TZ_ISR                         
0     0000b1f7  _EPWM3_ISR                            
0     0000b1a7  _EPWM3_TZ_ISR                         
0     0000b201  _EPWM4_ISR                            
0     0000b1b1  _EPWM4_TZ_ISR                         
0     0000b20b  _EPWM5_ISR                            
0     0000b1bb  _EPWM5_TZ_ISR                         
0     0000b215  _EPWM6_ISR                            
0     0000b1c5  _EPWM6_TZ_ISR                         
0     0000b21f  _EPWM7_ISR                            
0     0000b1cf  _EPWM7_TZ_ISR                         
0     0000b229  _EPWM8_ISR                            
0     0000b1d9  _EPWM8_TZ_ISR                         
0     0000b4ef  _EPWM9_ISR                            
0     0000b4c7  _EPWM9_TZ_ISR                         
1     00004900  _EPwm10Regs                           
1     00004a00  _EPwm11Regs                           
1     00004b00  _EPwm12Regs                           
1     00004000  _EPwm1Regs                            
1     00004100  _EPwm2Regs                            
1     00004200  _EPwm3Regs                            
1     00004300  _EPwm4Regs                            
1     00004400  _EPwm5Regs                            
1     00004500  _EPwm6Regs                            
1     00004600  _EPwm7Regs                            
1     00004700  _EPwm8Regs                            
1     00004800  _EPwm9Regs                            
1     00007a00  _EPwmXbarRegs                         
0     0000b26f  _EQEP1_ISR                            
0     0000b279  _EQEP2_ISR                            
0     0000b283  _EQEP3_ISR                            
1     00005100  _EQep1Regs                            
1     00005140  _EQep2Regs                            
1     00005180  _EQep3Regs                            
1     0005f480  _Emif1ConfigRegs                      
1     00047000  _Emif1Regs                            
1     0005f4a0  _Emif2ConfigRegs                      
1     00047800  _Emif2Regs                            
1     00000d01  _EmuBMode                             
1     00000d00  _EmuKey                               
0     0000b77c  _EnableInterrupts                     
0     0000013c  _F28x_usDelay                         
0     0000b5b7  _FLASH_CORRECTABLE_ERROR_ISR          
0     0000b48b  _FPU_OVERFLOW_ISR                     
0     0000b495  _FPU_UNDERFLOW_ISR                    
1     0005f800  _Flash0CtrlRegs                       
1     0005fb00  _Flash0EccRegs                        
0     000081f9  _GPIO_EnableUnbondedIOPullups         
0     000081d4  _GPIO_EnableUnbondedIOPullupsFor100Pin
0     000081bb  _GPIO_EnableUnbondedIOPullupsFor176Pin
0     0000820f  _GPIO_ReadPin                         
0     00008160  _GPIO_SetupLock                       
0     00008040  _GPIO_SetupPinMux                     
0     000080cc  _GPIO_SetupPinOptions                 
0     00008189  _GPIO_SetupXINT1Gpio                  
0     00008193  _GPIO_SetupXINT2Gpio                  
0     0000819d  _GPIO_SetupXINT3Gpio                  
0     000081a7  _GPIO_SetupXINT4Gpio                  
0     000081b1  _GPIO_SetupXINT5Gpio                  
0     00008244  _GPIO_Toggle                          
0     00008226  _GPIO_WritePin                        
1     00007c00  _GpioCtrlRegs                         
1     00007f00  _GpioDataRegs                         
0     000003a0  _HALT                                 
0     000003b0  _HIB                                  
1     0005e000  _HwbistRegs                           
0     0000b323  _I2CA_FIFO_ISR                        
0     0000b319  _I2CA_ISR                             
0     0000b337  _I2CB_FIFO_ISR                        
0     0000b32d  _I2CB_ISR                             
1     00007300  _I2caRegs                             
1     00007340  _I2cbRegs                             
0     0000038c  _IDLE                                 
0     0000b092  _ILLEGAL_ISR                          
0     0000b49f  _IPC0_ISR                             
0     0000b4a9  _IPC1_ISR                             
0     0000b4b3  _IPC2_ISR                             
0     0000b4bd  _IPC3_ISR                             
0     000002a5  _InitAuxPll                           
0     0000b614  _InitCpuTimers                        
0     00008000  _InitGpio                             
0     00000171  _InitPeripheralClocks                 
0     0000b75a  _InitPieCtrl                          
0     0000b7b4  _InitPieVectTable                     
0     00000140  _InitSysCtrl                          
0     00000211  _InitSysPll                           
1     00007900  _InputXbarRegs                        
1     00050000  _IpcRegs                              
0     0000b2b5  _MCBSPA_RX_ISR                        
0     0000b2bf  _MCBSPA_TX_ISR                        
0     0000b2c9  _MCBSPB_RX_ISR                        
0     0000b2d3  _MCBSPB_TX_ISR                        
1     00006000  _McbspaRegs                           
1     00006040  _McbspbRegs                           
1     0005f400  _MemCfgRegs                           
1     0005f500  _MemoryErrorRegs                      
0     0000b088  _NMI_ISR                              
0     0000b60a  _NOTUSED_ISR                          
1     00007060  _NmiIntruptRegs                       
1     00007a80  _OutputXbarRegs                       
0     0000b477  _PBIST_ISR                            
0     0000b5f3  _PIE_RESERVED_ISR                     
1     0005e200  _PbistRegs                            
1     00000ce0  _PieCtrlRegs                          
1     00000d00  _PieVectTable                         
1     0000a800  _PieVectTableInit                     
0     0000b5c1  _RAM_ACCESS_VIOLATION_ISR             
0     0000b5ad  _RAM_CORRECTABLE_ERROR_ISR            
0     0000b074  _RTOS_ISR                             
1     0005e608  _RomPrefetchRegs                      
1     0005f540  _RomWaitStateRegs                     
0     0000b369  _SCIA_RX_ISR                          
0     0000b373  _SCIA_TX_ISR                          
0     0000b37d  _SCIB_RX_ISR                          
0     0000b387  _SCIB_TX_ISR                          
0     0000b341  _SCIC_RX_ISR                          
0     0000b34b  _SCIC_TX_ISR                          
0     0000b355  _SCID_RX_ISR                          
0     0000b35f  _SCID_TX_ISR                          
0     0000b517  _SD1_ISR                              
0     0000b521  _SD2_ISR                              
0     0000b28d  _SPIA_RX_ISR                          
0     0000b297  _SPIA_TX_ISR                          
0     0000b2a1  _SPIB_RX_ISR                          
0     0000b2ab  _SPIB_TX_ISR                          
0     0000b52b  _SPIC_RX_ISR                          
0     0000b535  _SPIC_TX_ISR                          
0     00000395  _STANDBY                              
0     0000b5cb  _SYS_PLL_SLIP_ISR                     
1     00007200  _SciaRegs                             
1     00007210  _ScibRegs                             
1     00007220  _ScicRegs                             
1     00007230  _ScidRegs                             
1     00005e00  _Sdfm1Regs                            
1     00005e80  _Sdfm2Regs                            
0     000001f5  _ServiceDog                           
1     00006100  _SpiaRegs                             
1     00006110  _SpibRegs                             
1     00006120  _SpicRegs                             
0     0000034c  _SysIntOsc1Sel                        
0     00000356  _SysIntOsc2Sel                        
0     00000360  _SysXtalOscSel                        
0     0000b150  _TIMER0_ISR                           
0     0000b000  _TIMER1_ISR                           
0     0000b035  _TIMER2_ISR                           
1     00007940  _TrigRegs                             
0     0000b53f  _UPPA_ISR                             
0     0000b549  _USBA_ISR                             
0     0000b0f6  _USER10_ISR                           
0     0000b100  _USER11_ISR                           
0     0000b10a  _USER12_ISR                           
0     0000b09c  _USER1_ISR                            
0     0000b0a6  _USER2_ISR                            
0     0000b0b0  _USER3_ISR                            
0     0000b0ba  _USER4_ISR                            
0     0000b0c4  _USER5_ISR                            
0     0000b0ce  _USER6_ISR                            
0     0000b0d8  _USER7_ISR                            
0     0000b0e2  _USER8_ISR                            
0     0000b0ec  _USER9_ISR                            
1     00006200  _UppRegs                              
0     0000b481  _VCU_ISR                              
0     0000b189  _WAKE_ISR                             
1     00007000  _WdRegs                               
0     0000b132  _XINT1_ISR                            
0     0000b13c  _XINT2_ISR                            
0     0000b459  _XINT3_ISR                            
0     0000b463  _XINT4_ISR                            
0     0000b46d  _XINT5_ISR                            
1     00007070  _XintRegs                             
1     0000c000  __STACK_END                           
abs   00000800  __STACK_SIZE                          
1     0000a9da  ___TI_cleanup_ptr                     
1     0000a9dc  ___TI_dtors_ptr                       
1     0000a9d8  ___TI_enable_exit_profile_output      
abs   ffffffff  ___TI_pprof_out_hndl                  
abs   ffffffff  ___TI_prof_data_size                  
abs   ffffffff  ___TI_prof_data_start                 
abs   ffffffff  ___binit__                            
abs   ffffffff  ___c_args__                           
0     00000122  ___cinit__                            
abs   ffffffff  ___etext__                            
abs   ffffffff  ___pinit__                            
abs   ffffffff  ___text__                             
0     0000825b  __args_main                           
1     0000a9de  __lock                                
0     0000b7fc  __nop                                 
0     0000b7f8  __register_lock                       
0     0000b7f4  __register_unlock                     
1     0000b800  __stack                               
0     000003fb  __system_post_cinit                   
0     000003f9  __system_pre_init                     
1     0000a9e0  __unlock                              
0     0000b78b  _abort                                
0     0000b6be  _c_int00                              
0     0000b714  _copy_in                              
0     0000b7da  _ddcopy                               
0     0000b7da  _dpcopy                               
0     0000b78d  _exit                                 
0     000003c2  _main                                 
0     0000b7da  _pdcopy                               
0     0000b7da  _ppcopy                               
1     0000a9e3  _x                                    
1     0000a9e2  _y                                    
abs   ffffffff  binit                                 
0     00000122  cinit                                 
0     00000000  code_start                            
abs   ffffffff  etext                                 
abs   ffffffff  pinit                                 


GLOBAL SYMBOLS: SORTED BY Symbol Address 

page  address   name                                  
----  -------   ----                                  
0     00000000  code_start                            
0     00000122  ___cinit__                            
0     00000122  cinit                                 
0     0000013c  _F28x_usDelay                         
0     00000140  _InitSysCtrl                          
0     00000171  _InitPeripheralClocks                 
0     000001f5  _ServiceDog                           
0     00000203  _DisableDog                           
0     00000211  _InitSysPll                           
0     000002a5  _InitAuxPll                           
0     0000032b  _CsmUnlock                            
0     0000034c  _SysIntOsc1Sel                        
0     00000356  _SysIntOsc2Sel                        
0     00000360  _SysXtalOscSel                        
0     0000036c  _AuxIntOsc2Sel                        
0     00000376  _AuxXtalOscSel                        
0     00000382  _AuxAuxClkSel                         
0     0000038c  _IDLE                                 
0     00000395  _STANDBY                              
0     000003a0  _HALT                                 
0     000003b0  _HIB                                  
0     000003c2  _main                                 
0     000003f9  __system_pre_init                     
0     000003fb  __system_post_cinit                   
0     00000ce0  _Cla1SoftIntRegs                      
0     00008000  _InitGpio                             
0     00008040  _GPIO_SetupPinMux                     
0     000080cc  _GPIO_SetupPinOptions                 
0     00008160  _GPIO_SetupLock                       
0     00008189  _GPIO_SetupXINT1Gpio                  
0     00008193  _GPIO_SetupXINT2Gpio                  
0     0000819d  _GPIO_SetupXINT3Gpio                  
0     000081a7  _GPIO_SetupXINT4Gpio                  
0     000081b1  _GPIO_SetupXINT5Gpio                  
0     000081bb  _GPIO_EnableUnbondedIOPullupsFor176Pin
0     000081d4  _GPIO_EnableUnbondedIOPullupsFor100Pin
0     000081f9  _GPIO_EnableUnbondedIOPullups         
0     0000820f  _GPIO_ReadPin                         
0     00008226  _GPIO_WritePin                        
0     00008244  _GPIO_Toggle                          
0     0000825b  __args_main                           
0     0000b000  _TIMER1_ISR                           
0     0000b035  _TIMER2_ISR                           
0     0000b06a  _DATALOG_ISR                          
0     0000b074  _RTOS_ISR                             
0     0000b07e  _EMU_ISR                              
0     0000b088  _NMI_ISR                              
0     0000b092  _ILLEGAL_ISR                          
0     0000b09c  _USER1_ISR                            
0     0000b0a6  _USER2_ISR                            
0     0000b0b0  _USER3_ISR                            
0     0000b0ba  _USER4_ISR                            
0     0000b0c4  _USER5_ISR                            
0     0000b0ce  _USER6_ISR                            
0     0000b0d8  _USER7_ISR                            
0     0000b0e2  _USER8_ISR                            
0     0000b0ec  _USER9_ISR                            
0     0000b0f6  _USER10_ISR                           
0     0000b100  _USER11_ISR                           
0     0000b10a  _USER12_ISR                           
0     0000b114  _ADCA1_ISR                            
0     0000b11e  _ADCB1_ISR                            
0     0000b128  _ADCC1_ISR                            
0     0000b132  _XINT1_ISR                            
0     0000b13c  _XINT2_ISR                            
0     0000b146  _ADCD1_ISR                            
0     0000b150  _TIMER0_ISR                           
0     0000b189  _WAKE_ISR                             
0     0000b193  _EPWM1_TZ_ISR                         
0     0000b19d  _EPWM2_TZ_ISR                         
0     0000b1a7  _EPWM3_TZ_ISR                         
0     0000b1b1  _EPWM4_TZ_ISR                         
0     0000b1bb  _EPWM5_TZ_ISR                         
0     0000b1c5  _EPWM6_TZ_ISR                         
0     0000b1cf  _EPWM7_TZ_ISR                         
0     0000b1d9  _EPWM8_TZ_ISR                         
0     0000b1e3  _EPWM1_ISR                            
0     0000b1ed  _EPWM2_ISR                            
0     0000b1f7  _EPWM3_ISR                            
0     0000b201  _EPWM4_ISR                            
0     0000b20b  _EPWM5_ISR                            
0     0000b215  _EPWM6_ISR                            
0     0000b21f  _EPWM7_ISR                            
0     0000b229  _EPWM8_ISR                            
0     0000b233  _ECAP1_ISR                            
0     0000b23d  _ECAP2_ISR                            
0     0000b247  _ECAP3_ISR                            
0     0000b251  _ECAP4_ISR                            
0     0000b25b  _ECAP5_ISR                            
0     0000b265  _ECAP6_ISR                            
0     0000b26f  _EQEP1_ISR                            
0     0000b279  _EQEP2_ISR                            
0     0000b283  _EQEP3_ISR                            
0     0000b28d  _SPIA_RX_ISR                          
0     0000b297  _SPIA_TX_ISR                          
0     0000b2a1  _SPIB_RX_ISR                          
0     0000b2ab  _SPIB_TX_ISR                          
0     0000b2b5  _MCBSPA_RX_ISR                        
0     0000b2bf  _MCBSPA_TX_ISR                        
0     0000b2c9  _MCBSPB_RX_ISR                        
0     0000b2d3  _MCBSPB_TX_ISR                        
0     0000b2dd  _DMA_CH1_ISR                          
0     0000b2e7  _DMA_CH2_ISR                          
0     0000b2f1  _DMA_CH3_ISR                          
0     0000b2fb  _DMA_CH4_ISR                          
0     0000b305  _DMA_CH5_ISR                          
0     0000b30f  _DMA_CH6_ISR                          
0     0000b319  _I2CA_ISR                             
0     0000b323  _I2CA_FIFO_ISR                        
0     0000b32d  _I2CB_ISR                             
0     0000b337  _I2CB_FIFO_ISR                        
0     0000b341  _SCIC_RX_ISR                          
0     0000b34b  _SCIC_TX_ISR                          
0     0000b355  _SCID_RX_ISR                          
0     0000b35f  _SCID_TX_ISR                          
0     0000b369  _SCIA_RX_ISR                          
0     0000b373  _SCIA_TX_ISR                          
0     0000b37d  _SCIB_RX_ISR                          
0     0000b387  _SCIB_TX_ISR                          
0     0000b391  _DCANA_1_ISR                          
0     0000b39b  _DCANA_2_ISR                          
0     0000b3a5  _DCANB_1_ISR                          
0     0000b3af  _DCANB_2_ISR                          
0     0000b3b9  _ADCA_EVT_ISR                         
0     0000b3c3  _ADCA2_ISR                            
0     0000b3cd  _ADCA3_ISR                            
0     0000b3d7  _ADCA4_ISR                            
0     0000b3e1  _ADCB_EVT_ISR                         
0     0000b3eb  _ADCB2_ISR                            
0     0000b3f5  _ADCB3_ISR                            
0     0000b3ff  _ADCB4_ISR                            
0     0000b409  _CLA1_1_ISR                           
0     0000b413  _CLA1_2_ISR                           
0     0000b41d  _CLA1_3_ISR                           
0     0000b427  _CLA1_4_ISR                           
0     0000b431  _CLA1_5_ISR                           
0     0000b43b  _CLA1_6_ISR                           
0     0000b445  _CLA1_7_ISR                           
0     0000b44f  _CLA1_8_ISR                           
0     0000b459  _XINT3_ISR                            
0     0000b463  _XINT4_ISR                            
0     0000b46d  _XINT5_ISR                            
0     0000b477  _PBIST_ISR                            
0     0000b481  _VCU_ISR                              
0     0000b48b  _FPU_OVERFLOW_ISR                     
0     0000b495  _FPU_UNDERFLOW_ISR                    
0     0000b49f  _IPC0_ISR                             
0     0000b4a9  _IPC1_ISR                             
0     0000b4b3  _IPC2_ISR                             
0     0000b4bd  _IPC3_ISR                             
0     0000b4c7  _EPWM9_TZ_ISR                         
0     0000b4d1  _EPWM10_TZ_ISR                        
0     0000b4db  _EPWM11_TZ_ISR                        
0     0000b4e5  _EPWM12_TZ_ISR                        
0     0000b4ef  _EPWM9_ISR                            
0     0000b4f9  _EPWM10_ISR                           
0     0000b503  _EPWM11_ISR                           
0     0000b50d  _EPWM12_ISR                           
0     0000b517  _SD1_ISR                              
0     0000b521  _SD2_ISR                              
0     0000b52b  _SPIC_RX_ISR                          
0     0000b535  _SPIC_TX_ISR                          
0     0000b53f  _UPPA_ISR                             
0     0000b549  _USBA_ISR                             
0     0000b553  _ADCC_EVT_ISR                         
0     0000b55d  _ADCC2_ISR                            
0     0000b567  _ADCC3_ISR                            
0     0000b571  _ADCC4_ISR                            
0     0000b57b  _ADCD_EVT_ISR                         
0     0000b585  _ADCD2_ISR                            
0     0000b58f  _ADCD3_ISR                            
0     0000b599  _ADCD4_ISR                            
0     0000b5a3  _EMIF_ERROR_ISR                       
0     0000b5ad  _RAM_CORRECTABLE_ERROR_ISR            
0     0000b5b7  _FLASH_CORRECTABLE_ERROR_ISR          
0     0000b5c1  _RAM_ACCESS_VIOLATION_ISR             
0     0000b5cb  _SYS_PLL_SLIP_ISR                     
0     0000b5d5  _AUX_PLL_SLIP_ISR                     
0     0000b5df  _CLA_OVERFLOW_ISR                     
0     0000b5e9  _CLA_UNDERFLOW_ISR                    
0     0000b5f3  _PIE_RESERVED_ISR                     
0     0000b5fd  _EMPTY_ISR                            
0     0000b60a  _NOTUSED_ISR                          
0     0000b614  _InitCpuTimers                        
0     0000b65b  _ConfigCpuTimer                       
0     0000b676  _ConfigCpuTimer0                      
0     0000b68e  _ConfigCpuTimer1                      
0     0000b6a6  _ConfigCpuTimer2                      
0     0000b6be  _c_int00                              
0     0000b714  _copy_in                              
0     0000b75a  _InitPieCtrl                          
0     0000b77c  _EnableInterrupts                     
0     0000b78b  C$$EXIT                               
0     0000b78b  _abort                                
0     0000b78d  _exit                                 
0     0000b7b4  _InitPieVectTable                     
0     0000b7da  _ddcopy                               
0     0000b7da  _dpcopy                               
0     0000b7da  _pdcopy                               
0     0000b7da  _ppcopy                               
0     0000b7f4  __register_unlock                     
0     0000b7f8  __register_lock                       
0     0000b7fc  __nop                                 
1     00000b00  _AdcaResultRegs                       
1     00000b20  _AdcbResultRegs                       
1     00000b40  _AdccResultRegs                       
1     00000b60  _AdcdResultRegs                       
1     00000c00  _CpuTimer0Regs                        
1     00000c08  _CpuTimer1Regs                        
1     00000c10  _CpuTimer2Regs                        
1     00000ce0  _PieCtrlRegs                          
1     00000d00  _EmuKey                               
1     00000d00  _PieVectTable                         
1     00000d01  _EmuBMode                             
1     00001000  _DmaRegs                              
1     00001400  _Cla1Regs                             
1     00004000  _EPwm1Regs                            
1     00004100  _EPwm2Regs                            
1     00004200  _EPwm3Regs                            
1     00004300  _EPwm4Regs                            
1     00004400  _EPwm5Regs                            
1     00004500  _EPwm6Regs                            
1     00004600  _EPwm7Regs                            
1     00004700  _EPwm8Regs                            
1     00004800  _EPwm9Regs                            
1     00004900  _EPwm10Regs                           
1     00004a00  _EPwm11Regs                           
1     00004b00  _EPwm12Regs                           
1     00005000  _ECap1Regs                            
1     00005020  _ECap2Regs                            
1     00005040  _ECap3Regs                            
1     00005060  _ECap4Regs                            
1     00005080  _ECap5Regs                            
1     000050a0  _ECap6Regs                            
1     00005100  _EQep1Regs                            
1     00005140  _EQep2Regs                            
1     00005180  _EQep3Regs                            
1     00005c00  _DacaRegs                             
1     00005c10  _DacbRegs                             
1     00005c20  _DaccRegs                             
1     00005c80  _Cmpss1Regs                           
1     00005ca0  _Cmpss2Regs                           
1     00005cc0  _Cmpss3Regs                           
1     00005ce0  _Cmpss4Regs                           
1     00005d00  _Cmpss5Regs                           
1     00005d20  _Cmpss6Regs                           
1     00005d40  _Cmpss7Regs                           
1     00005d60  _Cmpss8Regs                           
1     00005e00  _Sdfm1Regs                            
1     00005e80  _Sdfm2Regs                            
1     00006000  _McbspaRegs                           
1     00006040  _McbspbRegs                           
1     00006100  _SpiaRegs                             
1     00006110  _SpibRegs                             
1     00006120  _SpicRegs                             
1     00006200  _UppRegs                              
1     00007000  _WdRegs                               
1     00007060  _NmiIntruptRegs                       
1     00007070  _XintRegs                             
1     00007200  _SciaRegs                             
1     00007210  _ScibRegs                             
1     00007220  _ScicRegs                             
1     00007230  _ScidRegs                             
1     00007300  _I2caRegs                             
1     00007340  _I2cbRegs                             
1     00007400  _AdcaRegs                             
1     00007480  _AdcbRegs                             
1     00007500  _AdccRegs                             
1     00007580  _AdcdRegs                             
1     00007900  _InputXbarRegs                        
1     00007940  _TrigRegs                             
1     00007980  _DmaClaSrcSelRegs                     
1     00007a00  _EPwmXbarRegs                         
1     00007a80  _OutputXbarRegs                       
1     00007c00  _GpioCtrlRegs                         
1     00007f00  _GpioDataRegs                         
1     0000a800  _PieVectTableInit                     
1     0000a9c0  _CpuTimer1                            
1     0000a9c8  _CpuTimer2                            
1     0000a9d0  _CpuTimer0                            
1     0000a9d8  ___TI_enable_exit_profile_output      
1     0000a9da  ___TI_cleanup_ptr                     
1     0000a9dc  ___TI_dtors_ptr                       
1     0000a9de  __lock                                
1     0000a9e0  __unlock                              
1     0000a9e2  _y                                    
1     0000a9e3  _x                                    
1     0000b800  __stack                               
1     0000c000  __STACK_END                           
1     00047000  _Emif1Regs                            
1     00047800  _Emif2Regs                            
1     00048000  _CanaRegs                             
1     0004a000  _CanbRegs                             
1     00050000  _IpcRegs                              
1     0005d000  _DevCfgRegs                           
1     0005d180  _AnalogSubsysRegs                     
1     0005d200  _ClkCfgRegs                           
1     0005d300  _CpuSysRegs                           
1     0005e000  _HwbistRegs                           
1     0005e200  _PbistRegs                            
1     0005e608  _RomPrefetchRegs                      
1     0005f000  _DcsmZ1Regs                           
1     0005f040  _DcsmZ2Regs                           
1     0005f070  _DcsmCommonRegs                       
1     0005f400  _MemCfgRegs                           
1     0005f480  _Emif1ConfigRegs                      
1     0005f4a0  _Emif2ConfigRegs                      
1     0005f4c0  _AccessProtectionRegs                 
1     0005f500  _MemoryErrorRegs                      
1     0005f540  _RomWaitStateRegs                     
1     0005f800  _Flash0CtrlRegs                       
1     0005fb00  _Flash0EccRegs                        
1     00078000  _DcsmZ1Otp                            
1     00078200  _DcsmZ2Otp                            
abs   00000800  __STACK_SIZE                          
abs   ffffffff  .text                                 
abs   ffffffff  ___TI_pprof_out_hndl                  
abs   ffffffff  ___TI_prof_data_size                  
abs   ffffffff  ___TI_prof_data_start                 
abs   ffffffff  ___binit__                            
abs   ffffffff  ___c_args__                           
abs   ffffffff  ___etext__                            
abs   ffffffff  ___pinit__                            
abs   ffffffff  ___text__                             
abs   ffffffff  binit                                 
abs   ffffffff  etext                                 
abs   ffffffff  pinit                                 

[327 symbols]
